// Jest Snapshot v1, https://goo.gl/fbAQLP

exports[`should createCharacteristic() 1`] = `
Array [
  Array [
    Object {
      "descriptors": Array [],
      "onIndicate": [Function],
      "onNotify": [Function],
      "onReadRequest": [Function],
      "onSubscribe": [Function],
      "onUnsubscribe": [Function],
      "onWriteRequest": [Function],
      "properties": Array [
        "read",
        "write",
        "writeWithoutResponse",
        "notify",
      ],
      "secure": Array [
        "read",
        "write",
        "writeWithoutResponse",
        "notify",
      ],
      "uuid": "7772E5DB-3868-4112-A1A9-F2669D106BF3",
      "value": null,
    },
  ],
]
`;
